// Jest Snapshot v1, https://goo.gl/fbAQLP

exports[`CountryDetails page it renders correctly 1`] = `
<div
  className="card-details-container"
>
  <svg
    className="back-btn"
    fill="currentColor"
    height="1em"
    onClick={[Function]}
    stroke="currentColor"
    strokeWidth="0"
    style={
      Object {
        "color": undefined,
      }
    }
    viewBox="0 0 16 16"
    width="1em"
    xmlns="http://www.w3.org/2000/svg"
  >
    <path
      d="M8 0a8 8 0 1 0 0 16A8 8 0 0 0 8 0zm3.5 7.5a.5.5 0 0 1 0 1H5.707l2.147 2.146a.5.5 0 0 1-.708.708l-3-3a.5.5 0 0 1 0-.708l3-3a.5.5 0 1 1 .708.708L5.707 7.5H11.5z"
    />
  </svg>
  <div
    className="card-details"
  >
    <p>
      Country
    </p>
    <p
      className="country"
    />
  </div>
  <div
    className="card-details"
  >
    <p>
      Total Deaths
    </p>
    <p />
  </div>
  <div
    className="card-details"
  >
    <p>
      Total Recovered
    </p>
    <p />
  </div>
  <div
    className="card-details"
  >
    <p>
      Active Cases
    </p>
    <p />
  </div>
  <div
    className="card-details"
  >
    <p>
      Total Tests
    </p>
    <p />
  </div>
  <div
    className="card-details"
  >
    <p>
      Serious or Critical
    </p>
    <p />
  </div>
  <div
    className="card-details"
  >
    <p>
      Tests per 1M Population
    </p>
    <p />
  </div>
</div>
`;
